Microsoft Windows [Version 10.0.26200.7171]
(c) Microsoft Corporation. All rights reserved.

C:\Users\amine>cd C:\Users\amine\Desktop\App-1

C:\Users\amine\Desktop\App-1>scp -r "C:\Users\amine\Desktop\App-1\*" root@185.255.112.198:/var/www/payment-app/
root@185.255.112.198's password:
BANK_DETECTION_GUIDE.md                                                               100% 5532    56.3KB/s   00:00
DEPLOY.md                                                                             100% 2438    23.6KB/s   00:00
DEPLOYMENT.md                                                                         100% 8550   208.7KB/s   00:00
DEPLOYMENT_CELIO.md                                                                   100% 5787   152.7KB/s   00:00
DEPLOYMENT_FILES.txt                                                                  100% 1733     5.7KB/s   00:00
DHL_FLOW_GUIDE.md                                                                     100% 7005   175.4KB/s   00:00
QUICK_START.md                                                                        100% 2962    80.4KB/s   00:00
README.md                                                                             100%    5     0.2KB/s   00:00
SETUP_GUIDE.md                                                                        100% 4104   108.3KB/s   00:00
TELEGRAM_BUTTON_GUIDE.md                                                              100% 5421   151.3KB/s   00:00
TELEGRAM_REMOTE_CONTROL.md                                                            100% 4822    65.4KB/s   00:00
UPLOAD_INSTRUCTIONS.txt                                                               100% 1254    35.0KB/s   00:00
UPLOAD_TO_VPS.sh                                                                      100%  847    23.0KB/s   00:00
app-deploy.sh                                                                         100% 2215    60.1KB/s   00:00
download (1)_1762811668160.png                                                        100% 3763   108.1KB/s   00:00
download (2)_1762813012889.png                                                        100% 1951    56.0KB/s   00:00
download_1762811668161.jpg                                                            100% 4591    16.4KB/s   00:00
download_1762811668161.png                                                            100% 5112   142.6KB/s   00:00
DHL_official_logo_design_4b6a5523.png                                                 100%  300KB 984.2KB/s   00:00
PayPal_official_logo_d33d02f7.png                                                     100%  243KB   1.3MB/s   00:00
SSL_security_badge_5a63cf55.png                                                       100%  414KB   1.5MB/s   00:00
MasterCard_Logo.svg_1762811668162.png                                                 100%  177KB   1.3MB/s   00:00
Pasted--2-Installation-syst-me-tout-en-un-bloc-Mise-jour-syst-me-sudo-apt-update-sudo-apt-u-1763897736890_1763897736890.Pasted--2-Installation-syst-me-tout-en-un-bloc-Mise-jour-syst-me-sudo-apt-update-sudo-apt-u-1763897736890_1763897736890.txt 100% 5096   142.2KB/s   00:00
Pasted--7-Restart-with-PM2-PM2-Starting-usr-bin-npm-in-fork-mode-1-instance-PM2-Done--1763901260996_1763901260997.txt   Pasted--7-Restart-with-PM2-PM2-Starting-usr-bin-npm-in-fork-mode-1-instance-PM2-Done--1763901260996_1763901260997.txt 100% 5422    10.3KB/s   00:00
Pasted--built-in-3-40s-dist-index-js-80-0kb-Done-in-7ms-PM2-Starting-usr-bin-npm-in-fork-mo-1763900227465_1763900227465.Pasted--built-in-3-40s-dist-index-js-80-0kb-Done-in-7ms-PM2-Starting-usr-bin-npm-in-fork-mo-1763900227465_1763900227465.txt 100% 5929   137.9KB/s   00:00
Pasted--C-Users-amine-ssh-root-185-255-112-198-cd-var-www-payment-app-pm2-delete-all-2-dev-null-np-1763921309818_1763921Pasted--C-Users-amine-ssh-root-185-255-112-198-cd-var-www-payment-app-pm2-delete-all-2-dev-null-np-1763921309818_1763921309819.txt 100% 6314   176.2KB/s   00:00
Pasted--Check-Nginx-logs-for-errors-2025-11-23-11-58-25-error-108606-108606-1-connect-faile-1763900536251_1763900536251.Pasted--Check-Nginx-logs-for-errors-2025-11-23-11-58-25-error-108606-108606-1-connect-faile-1763900536251_1763900536251.txt 100% 2658    76.3KB/s   00:00
Pasted--div-div-div-class-footer--1763899983056_1763899983057.txt                     100%   24KB 575.1KB/s   00:00
Pasted--DOCTYPE-html-html-lang-en-head-meta-charset-UTF-8-meta-name-viewport-con-1763631366535_1763631366543.txt   0%   Pasted--DOCTYPE-html-html-lang-en-head-meta-charset-UTF-8-meta-name-viewport-con-1763631366535_1763631366543.txt 100% 1183KB   2.1MB/s   00:00
Pasted--html-root-kidzcorneruk-paymentssh-root-192-250-230-27-EOF-EOF-echo-Check-app-folder-1763899747872_1763899747873.Pasted--html-root-kidzcorneruk-paymentssh-root-192-250-230-27-EOF-EOF-echo-Check-app-folder-1763899747872_1763899747873.txt 100% 2828    72.7KB/s   00:00
Pasted--root-kidzcorneruk-payment-app-apt-install-y-tar-bash-apt-command-not-found-root-kidzcorner-1763898924450_1763898Pasted--root-kidzcorneruk-payment-app-apt-install-y-tar-bash-apt-command-not-found-root-kidzcorner-1763898924450_1763898924451.txt 100% 2206    63.4KB/s   00:00
Pasted--root-kidzcorneruk-payment-app-ssh-root-192-250-230-27-EOF-echo-App-Status-pm2-st-1763899687190_1763899687191.txtPasted--root-kidzcorneruk-payment-app-ssh-root-192-250-230-27-EOF-echo-App-Status-pm2-st-1763899687190_1763899687191.txt 100% 7689   220.9KB/s   00:00
Pasted--root-srv1135352-va-1763412697732_1763412697733.txt                            100% 3400    97.7KB/s   00:00
Pasted--Tester-curl-http-celio-store-nginx-the-configuration-file-etc-nginx-nginx-conf-syntax-is-ok--1763412871422_17634Pasted--Tester-curl-http-celio-store-nginx-the-configuration-file-etc-nginx-nginx-conf-syntax-is-ok--1763412871422_1763412871423.txt 100% 2187    64.7KB/s   00:00
Pasted--title-HTTPS-Success-title-head-body-h1-HTTPS-is-Working-h1-p-Your-serve-1763237735053_1763237735054.txt   0%    Pasted--title-HTTPS-Success-title-head-body-h1-HTTPS-is-Working-h1-p-Your-serve-1763237735053_1763237735054.txt 100%   17KB 387.9KB/s   00:00
Pasted-C-Users-amine-Desktop-App-1-ssh-root-185-255-112-198-cd-var-www-payment-app-echo-PM2-STAT-1763920332776_176392033Pasted-C-Users-amine-Desktop-App-1-ssh-root-185-255-112-198-cd-var-www-payment-app-echo-PM2-STAT-1763920332776_1763920332778.txt 100% 5154   139.8KB/s   00:00
Pasted-C-Users-amine-scp-C-Users-amine-Desktop-App-1-package-json-root-185-255-112-198-var-www-payment-1763921212683_176Pasted-C-Users-amine-scp-C-Users-amine-Desktop-App-1-package-json-root-185-255-112-198-var-www-payment-1763921212683_1763921212684.txt 100%   14KB 367.0KB/s   00:00
Pasted-C-Users-amine-ssh-root-185-255-112-198-cd-var-www-payment-app-npm-run-build-pm2-restart-pay-1763921523849_1763921Pasted-C-Users-amine-ssh-root-185-255-112-198-cd-var-www-payment-app-npm-run-build-pm2-restart-pay-1763921523849_1763921523850.txt 100% 4699    16.8KB/s   00:00
Pasted-C-var-www-payment-app-echo-Deployment-complete-Deployment-complete-C-var-www-payment-1763916277646_1763916277648.Pasted-C-var-www-payment-app-echo-Deployment-complete-Deployment-complete-C-var-www-payment-1763916277646_1763916277648.txt 100% 8022    28.5KB/s   00:00
Pasted-C-var-www-payment-app-TELEGRAM-BOT-TOKEN-8332648469-AAG0nSTVcu5DuLsvXEGa0cr5MV-Ae7BB4-g-TELEGRAM--1763916182526_1Pasted-C-var-www-payment-app-TELEGRAM-BOT-TOKEN-8332648469-AAG0nSTVcu5DuLsvXEGa0cr5MV-Ae7BB4-g-TELEGRAM--1763916182526_1763916182528.txt 100%   11KB 306.6KB/s   00:00
Pasted-ge-json-npm-error-enoent-This-is-related-to-npm-not-being-able-to-find-a-file-npm-error-enoent--1763917448001_176Pasted-ge-json-npm-error-enoent-This-is-related-to-npm-not-being-able-to-find-a-file-npm-error-enoent--1763917448001_1763917448003.txt 100%   17KB  57.8KB/s   00:00
Pasted-LimitNPROC-infinity-LimitCORE-infinity-Environment-PATH-usr-local-sbin-usr-local-bin-usr-sbin--1763238935456_1763Pasted-LimitNPROC-infinity-LimitCORE-infinity-Environment-PATH-usr-local-sbin-usr-local-bin-usr-sbin--1763238935456_1763238935457.txt 100% 7409   195.6KB/s   00:00
Pasted-Microsoft-Windows-Version-10-0-26200-7171-c-Microsoft-Corporation-All-rights-reserved-C-U-1763222297153_176322229Pasted-Microsoft-Windows-Version-10-0-26200-7171-c-Microsoft-Corporation-All-rights-reserved-C-U-1763222297153_1763222297162.txt 100%   29KB 668.3KB/s   00:00
Pasted-Microsoft-Windows-Version-10-0-26200-7171-c-Microsoft-Corporation-All-rights-reserved-C-U-1763230950075_176323095Pasted-Microsoft-Windows-Version-10-0-26200-7171-c-Microsoft-Corporation-All-rights-reserved-C-U-1763230950075_1763230950076.txt 100% 2494    65.8KB/s   00:00
Pasted-Microsoft-Windows-Version-10-0-26200-7171-c-Microsoft-Corporation-All-rights-reserved-C-U-1763245139462_176324513Pasted-Microsoft-Windows-Version-10-0-26200-7171-c-Microsoft-Corporation-All-rights-reserved-C-U-1763245139462_1763245139463.txt 100% 6616   179.5KB/s   00:00
Pasted-Microsoft-Windows-Version-10-0-26200-7171-c-Microsoft-Corporation-All-rights-reserved-C-U-1763245167547_176324516Pasted-Microsoft-Windows-Version-10-0-26200-7171-c-Microsoft-Corporation-All-rights-reserved-C-U-1763245167547_1763245167547.txt 100% 6616   174.6KB/s   00:00
Pasted-Microsoft-Windows-Version-10-0-26200-7171-c-Microsoft-Corporation-All-rights-reserved-C-U-1763310914442_176331091Pasted-Microsoft-Windows-Version-10-0-26200-7171-c-Microsoft-Corporation-All-rights-reserved-C-U-1763310914442_1763310914447.txt 100% 4565   127.4KB/s   00:00
Pasted-Microsoft-Windows-Version-10-0-26200-7171-c-Microsoft-Corporation-All-rights-reserved-C-U-1763917647390_176391764Pasted-Microsoft-Windows-Version-10-0-26200-7171-c-Microsoft-Corporation-All-rights-reserved-C-U-1763917647390_1763917647391.txt 100%   23KB 529.9KB/s   00:00
Pasted-operable-program-or-batch-file-C-var-www-payment-app-rm-f-etc-nginx-sites-enabled-default-r-1763916226177_1763916Pasted-operable-program-or-batch-file-C-var-www-payment-app-rm-f-etc-nginx-sites-enabled-default-r-1763916226177_1763916226177.txt 100% 3856   101.8KB/s   00:00
Pasted-photo-2025-11-10-12-30-33-1762779954452-jpg-100-107KB-51-1763919804666_1763919804668.txt   0%    0     0.0KB/s   Pasted-photo-2025-11-10-12-30-33-1762779954452-jpg-100-107KB-51-1763919804666_1763919804668.txt 100%   39KB 499.9KB/s   00:00
Pasted-pm2-logs-payment-app-lines-20-EOFo-App-should-be-live-at-http-192-250-230-27-Pseudo-term-1763900180153_1763900180Pasted-pm2-logs-payment-app-lines-20-EOFo-App-should-be-live-at-http-192-250-230-27-Pseudo-term-1763900180153_1763900180154.txt 100% 8299   238.4KB/s   00:00
Pasted-Pseudo-terminal-will-not-be-allocated-because-stdin-is-not-a-terminal-root-192-250-230-27-s-passwo-1763901040225_Pasted-Pseudo-terminal-will-not-be-allocated-because-stdin-is-not-a-terminal-root-192-250-230-27-s-passwo-1763901040225_1763901040226.txt 100%   11KB 278.5KB/s   00:00
Pasted-root-185-255-112-198-s-password-scp-r-C-Users-amine-Desktop-App-1-root-185-255-112-198-var-www--1763916707694_176Pasted-root-185-255-112-198-s-password-scp-r-C-Users-amine-Desktop-App-1-root-185-255-112-198-var-www--1763916707694_1763916707696.txt 100% 4193   113.7KB/s   00:00
Pasted-root-192-250-230-27-s-password-Last-failed-login-Sun-Nov-23-12-12-49-UTC-2025-from-89-35-130-146--1763900289355_1Pasted-root-192-250-230-27-s-password-Last-failed-login-Sun-Nov-23-12-12-49-UTC-2025-from-89-35-130-146--1763900289355_1763900289356.txt 100% 6686   181.4KB/s   00:00
Pasted-root-192-250-230-27-s-password-Last-failed-login-Sun-Nov-23-12-22-44-UTC-2025-from-89-35-130-146--1763900613170_1Pasted-root-192-250-230-27-s-password-Last-failed-login-Sun-Nov-23-12-22-44-UTC-2025-from-89-35-130-146--1763900613170_1763900613171.txt 100% 6561   164.3KB/s   00:00
Pasted-ssh-root-199-247-3-137-6Q-e-84YcsVSB-G-2-Installation-syst-me-tout-en-un-bloc-Mise-j-1763306305279_1763306305280.Pasted-ssh-root-199-247-3-137-6Q-e-84YcsVSB-G-2-Installation-syst-me-tout-en-un-bloc-Mise-j-1763306305279_1763306305280.txt 100% 5142   152.2KB/s   00:00
Pasted-ssh-root-209-250-233-145-9d-Vkt-p6-sTRBH-cd-var-www-dhl-payment-app-COMMANDES-COMPL-TE-1763249565184_176324956518Pasted-ssh-root-209-250-233-145-9d-Vkt-p6-sTRBH-cd-var-www-dhl-payment-app-COMMANDES-COMPL-TE-1763249565184_1763249565185.txt 100%   26KB 592.8KB/s   00:00
Pasted-sudo-journalctl-xeu-nginx-service-tail-50-2-Tester-si-l-app-r-pond-localement-curl-http--1763239011986_1763239011Pasted-sudo-journalctl-xeu-nginx-service-tail-50-2-Tester-si-l-app-r-pond-localement-curl-http--1763239011986_1763239011986.txt 100% 6328    22.5KB/s   00:00
Pasted-Use-update-env-to-update-environment-variables-PM2-Applying-action-restartProcessId-on-app-pay-1763899494161_1763Pasted-Use-update-env-to-update-environment-variables-PM2-Applying-action-restartProcessId-on-app-pay-1763899494161_1763899494162.txt 100% 6840   180.5KB/s   00:00
Pasted-Windows-PowerShell-Copyright-C-Microsoft-Corporation-All-rights-reserved-Install-the-latest--1763309370895_176330Pasted-Windows-PowerShell-Copyright-C-Microsoft-Corporation-All-rights-reserved-Install-the-latest--1763309370895_1763309370896.txt 100% 4716   121.2KB/s   00:00
Pasted-Windows-PowerShell-Copyright-C-Microsoft-Corporation-All-rights-reserved-Install-the-latest--1763309688143_176330Pasted-Windows-PowerShell-Copyright-C-Microsoft-Corporation-All-rights-reserved-Install-the-latest--1763309688143_1763309688143.txt 100% 5167   144.2KB/s   00:00
Pasted-Windows-PowerShell-Copyright-C-Microsoft-Corporation-All-rights-reserved-Install-the-latest--1763898960032_176389Pasted-Windows-PowerShell-Copyright-C-Microsoft-Corporation-All-rights-reserved-Install-the-latest--1763898960032_1763898960032.txt 100% 6979   128.6KB/s   00:00
Pasted-Windows-PowerShell-Copyright-C-Microsoft-Corporation-All-rights-reserved-Install-the-latest--1763899024545_176389Pasted-Windows-PowerShell-Copyright-C-Microsoft-Corporation-All-rights-reserved-Install-the-latest--1763899024545_1763899024546.txt 100%   16KB 411.4KB/s   00:00
Pasted-Windows-PowerShell-Copyright-C-Microsoft-Corporation-All-rights-reserved-Install-the-latest--1763899131868_176389Pasted-Windows-PowerShell-Copyright-C-Microsoft-Corporation-All-rights-reserved-Install-the-latest--1763899131868_1763899131870.txt 100%   26KB 575.2KB/s   00:00
Pasted-Windows-PowerShell-Copyright-C-Microsoft-Corporation-All-rights-reserved-Install-the-latest--1763899253969_176389Pasted-Windows-PowerShell-Copyright-C-Microsoft-Corporation-All-rights-reserved-Install-the-latest--1763899253969_1763899253971.txt 100%   32KB 703.5KB/s   00:00
photo_2025-11-07_12-40-25_1762774248962.jpg                                           100%   67KB 188.4KB/s   00:00
photo_2025-11-10_12-30-33_1762774248962.jpg                                           100%  107KB 623.1KB/s   00:00
photo_2025-11-10_12-30-33_1762779954452.jpg                                           100%  107KB 287.3KB/s   00:00
photo_2025-11-10_12-30-33_1762811190168.jpg                                           100%  107KB 793.8KB/s   00:00
photo_2025-11-11_09-57-49_1762851575217.jpg                                           100%   47KB 547.6KB/s   00:00
photo_2025-11-16_14-09-01_1763298579458.jpg                                           100%   38KB 285.9KB/s   00:00
photo_2025-11-16_14-09-01_1763301051778.jpg                                           100%   38KB  92.1KB/s   00:00
Screenshot 2025-11-10 121208_1762773167514.png                                        100% 1161KB   2.1MB/s   00:00
Screenshot 2025-11-10 122032_1762773812590.png                                        100%  188KB 432.0KB/s   00:00
Screenshot 2025-11-10 122057_1762773812590.png                                        100%  192KB   1.3MB/s   00:00
Screenshot 2025-11-10 224618_1762811205465.png                                        100%  654KB   1.9MB/s   00:00
Screenshot 2025-11-10 231154_1762812729647.png                                        100%  539KB 896.0KB/s   00:00
Screenshot 2025-11-10 233446_1762814099838.png                                        100%  781KB   1.5MB/s   00:00
Screenshot 2025-11-11 005041_1762818653433.png                                        100%  185KB   1.3MB/s   00:00
Screenshot 2025-11-11 005829_1762819118656.png                                        100%  622KB 965.1KB/s   00:00
Screenshot 2025-11-23 184743_1763920088488.png                                        100%  312KB   1.4MB/s   00:00
Screenshot 2025-11-23 184951_1763920203751.png                                        100%  153KB   1.1MB/s   00:00
Screenshot 2025-11-23 190953_1763921401168.png                                        100%  154KB 868.3KB/s   00:00
index.html                                                                            100% 1914     6.9KB/s   00:00
amex.png                                                                              100% 3763   108.1KB/s   00:00
jcb.jpg                                                                               100% 4591    16.5KB/s   00:00
mastercard.png                                                                        100%  177KB   1.3MB/s   00:00
visa.png                                                                              100% 5112   142.6KB/s   00:00
dhl-logo.png                                                                          100% 1951    54.4KB/s   00:00
favicon.png                                                                           100% 1145     4.1KB/s   00:00
App.tsx                                                                               100% 4083   104.9KB/s   00:00
AdminPanel.tsx                                                                        100%   26KB 501.4KB/s   00:00
AdminPanel.tsx.broken                                                                 100%   26KB 566.5KB/s   00:00
DHLPaymentForm.tsx                                                                    100%   17KB 429.9KB/s   00:00
AdminPanel.tsx                                                                        100%  351    10.7KB/s   00:00
DHLPaymentForm.tsx                                                                    100%  217     6.2KB/s   00:00
OTPVerification.tsx                                                                   100%  282     8.3KB/s   00:00
PaymentSuccess.tsx                                                                    100%  364    11.1KB/s   00:00
PayPalLogin.tsx                                                                       100%  221     6.5KB/s   00:00
OTPVerification.tsx                                                                   100% 4186   123.9KB/s   00:00
PaymentSuccess.tsx                                                                    100% 3626    95.7KB/s   00:00
PayPalCardForm.tsx                                                                    100% 8880   240.9KB/s   00:00
PayPalLogin.tsx                                                                       100% 7333   193.5KB/s   00:00
accordion.tsx                                                                         100% 1977    55.2KB/s   00:00
alert-dialog.tsx                                                                      100% 4420   127.0KB/s   00:00
alert.tsx                                                                             100% 1584    44.2KB/s   00:00
aspect-ratio.tsx                                                                      100%  140     4.0KB/s   00:00
avatar.tsx                                                                            100% 1592    47.1KB/s   00:00
badge.tsx                                                                             100% 1202    34.5KB/s   00:00
breadcrumb.tsx                                                                        100% 2712    71.6KB/s   00:00
button.tsx                                                                            100% 2359    67.8KB/s   00:00
calendar.tsx                                                                          100% 2695    73.1KB/s   00:00
card.tsx                                                                              100% 1904    53.1KB/s   00:00
carousel.tsx                                                                          100% 6210   163.9KB/s   00:00
chart.tsx                                                                             100%   10KB 276.6KB/s   00:00
checkbox.tsx                                                                          100% 1056    31.3KB/s   00:00
collapsible.tsx                                                                       100%  329     9.7KB/s   00:00
command.tsx                                                                           100% 4885    17.2KB/s   00:00
context-menu.tsx                                                                      100% 7428   201.5KB/s   00:00
dialog.tsx                                                                            100% 3848   101.6KB/s   00:00
drawer.tsx                                                                            100% 3021    84.3KB/s   00:00
dropdown-menu.tsx                                                                     100% 7609   212.3KB/s   00:00
form.tsx                                                                              100% 4120   105.9KB/s   00:00
hover-card.tsx                                                                        100% 1251    35.9KB/s   00:00
input-otp.tsx                                                                         100% 2154    63.7KB/s   00:00
input.tsx                                                                             100%  844    25.0KB/s   00:00
label.tsx                                                                             100%  710    21.7KB/s   00:00
menubar.tsx                                                                           100% 8605    30.5KB/s   00:00
navigation-menu.tsx                                                                   100% 5128   125.2KB/s   00:00
pagination.tsx                                                                        100% 2751     9.8KB/s   00:00
popover.tsx                                                                           100% 1280    37.9KB/s   00:00
progress.tsx                                                                          100%  791    11.5KB/s   00:00
radio-group.tsx                                                                       100% 1467    44.8KB/s   00:00
resizable.tsx                                                                         100% 1723    49.5KB/s   00:00
scroll-area.tsx                                                                       100% 1642     5.8KB/s   00:00
select.tsx                                                                            100% 5741   140.2KB/s   00:00
separator.tsx                                                                         100%  756    22.4KB/s   00:00
sheet.tsx                                                                             100% 4281   110.0KB/s   00:00
sidebar.tsx                                                                           100%   21KB 508.0KB/s   00:00
skeleton.tsx                                                                          100%  261     7.3KB/s   00:00
slider.tsx                                                                            100% 1077     3.7KB/s   00:00
switch.tsx                                                                            100% 1139     9.6KB/s   00:00
table.tsx                                                                             100% 2765    26.2KB/s   00:00
tabs.tsx                                                                              100% 1883    17.9KB/s   00:00
textarea.tsx                                                                          100%  689     6.5KB/s   00:00
toast.tsx                                                                             100% 4845    94.6KB/s   00:00
toaster.tsx                                                                           100%  772     2.0KB/s   00:00
toggle-group.tsx                                                                      100% 1753    29.0KB/s   00:00
toggle.tsx                                                                            100% 1527    42.6KB/s   00:00
tooltip.tsx                                                                           100% 1209     2.3KB/s   00:00
VisitorTracking.tsx                                                                   100%   11KB 287.5KB/s   00:00
use-language.ts                                                                       100%  492    14.6KB/s   00:00
use-mobile.tsx                                                                        100%  565     2.0KB/s   00:00
use-redirect-polling.ts                                                               100% 3964    96.8KB/s   00:00
use-toast.ts                                                                          100% 3895   115.3KB/s   00:00
use-visitor-tracking.ts                                                               100% 1391     5.0KB/s   00:00
index.css                                                                             100%   10KB 239.0KB/s   00:00
bankDetection.ts                                                                      100% 2340     8.4KB/s   00:00
queryClient.ts                                                                        100% 1383    39.7KB/s   00:00
translations.ts                                                                       100%   37KB 469.1KB/s   00:00
utils.ts                                                                              100%  166     4.8KB/s   00:00
main.tsx                                                                              100%  157     3.6KB/s   00:00
AdminLoginPage.tsx                                                                    100% 3882   105.3KB/s   00:00
AdminPage.tsx                                                                         100% 2731    76.2KB/s   00:00
AdminSetupPage.tsx                                                                    100% 5050   140.9KB/s   00:00
CardPage.tsx                                                                          100% 1587     5.7KB/s   00:00
DHLApprovePage.tsx                                                                    100% 7281   209.1KB/s   00:00
DHLErrorPage.tsx                                                                      100% 4220   121.2KB/s   00:00
DHLOTPErrorPage.tsx                                                                   100% 3761   108.0KB/s   00:00
DHLOTPPage.tsx                                                                        100% 7858   201.9KB/s   00:00
DHLSuccessPage.tsx                                                                    100% 4810   130.5KB/s   00:00
DHLWaitingPage.tsx                                                                    100% 3002    83.8KB/s   00:00
HomePage.tsx                                                                          100%  534    14.1KB/s   00:00
not-found.tsx                                                                         100%  711    18.3KB/s   00:00
PayPalApprovePage.tsx                                                                 100% 3683    13.2KB/s   00:00
PayPalCardPage.tsx                                                                    100%  855    24.6KB/s   00:00
PayPalFailurePage.tsx                                                                 100% 3094    86.3KB/s   00:00
PayPalOTPEmailPage.tsx                                                                100% 4500   129.3KB/s   00:00
PayPalOTPPage.tsx                                                                     100% 5088   142.0KB/s   00:00
PayPalPage.tsx                                                                        100% 2424    69.6KB/s   00:00
PayPalPasswordExpiredPage.tsx                                                         100% 6401   168.9KB/s   00:00
PayPalSuccessPage.tsx                                                                 100% 2833    81.4KB/s   00:00
PayPalWaitingPage.tsx                                                                 100% 2977    85.5KB/s   00:00
VisitorDashboard.tsx                                                                  100%  970    27.1KB/s   00:00
components.json                                                                       100%  459    11.2KB/s   00:00
deploy.sh                                                                             100% 1313    33.7KB/s   00:00
.env.example                                                                          100%  472    14.0KB/s   00:00
ecosystem.config.js                                                                   100%  390     1.4KB/s   00:00
package-lock.json                                                                     100%  289KB   1.1MB/s   00:00
package.json                                                                          100% 3627    46.6KB/s   00:00
design_guidelines.md                                                                  100% 5624    53.3KB/s   00:00
index.js                                                                              100%   80KB 259.0KB/s   00:00
index-C-GXd50e.css                                                                    100%   80KB 435.0KB/s   00:00
index-DKpjFs6X.js                                                                     100%  434KB   1.5MB/s   00:00
PayPal_official_logo_d33d02f7-DWRRreiY.png                                            100%  243KB   1.5MB/s   00:00
SSL_security_badge_5a63cf55-BCwhzatn.png                                              100%  414KB   1.4MB/s   00:00
amex.png                                                                              100% 3763    96.7KB/s   00:00
jcb.jpg                                                                               100% 4591   128.1KB/s   00:00
mastercard.png                                                                        100%  177KB   1.3MB/s   00:00
visa.png                                                                              100% 5112    18.4KB/s   00:00
dhl-logo.png                                                                          100% 1951    59.5KB/s   00:00
favicon.png                                                                           100% 1145    33.9KB/s   00:00
index.html                                                                            100% 2012    59.5KB/s   00:00
drizzle.config.ts                                                                     100%  325     9.6KB/s   00:00
ecosystem.config.cjs                                                                  100%  396    12.1KB/s   00:00
nginx-config.conf                                                                     100% 3130    87.3KB/s   00:00
nginx.conf.example                                                                    100% 1543    40.7KB/s   00:00
package-lock.json                                                                     100%  289KB 637.2KB/s   00:00
package.json                                                                          100% 3651   101.9KB/s   00:00
postcss.config.js                                                                     100%   80     2.4KB/s   00:00
replit.md                                                                             100%   13KB 358.5KB/s   00:00
bot-detection.ts                                                                      100% 4884   128.9KB/s   00:00
index.ts                                                                              100% 5535   159.0KB/s   00:00
routes.ts                                                                             100%   46KB 145.1KB/s   00:00
storage.ts                                                                            100% 9668   269.8KB/s   00:00
telegram-bot.ts                                                                       100%   11KB  29.8KB/s   00:00
telegram.ts                                                                           100% 6680   186.4KB/s   00:00
vite.ts                                                                               100% 2263    67.0KB/s   00:00
schema.ts                                                                             100% 5289    18.9KB/s   00:00
tailwind.config.ts                                                                    100% 4050   109.9KB/s   00:00
tsconfig.json                                                                         100%  657    18.9KB/s   00:00
upload-now.sh                                                                         100% 1485    43.9KB/s   00:00
vite.config.ts                                                                        100% 1080    31.0KB/s   00:00
vps-install.sh                                                                        100% 2135     7.6KB/s   00:00

C:\Users\amine\Desktop\App-1>ssh root@185.255.112.198 "echo DATABASE_URL=postgresql://neondb_owner:npg_Wm9VIU0gvenO@ep-delicate-cake-af0hyp2v.c-2.us-west-2.aws.neon.tech/neondb?sslmode=require > /var/www/payment-app/.env && echo TELEGRAM_BOT_TOKEN=8332648469:AAG0nSTVcu5DuLsvXEGa0cr5MV_Ae7BB4_g >> /var/www/payment-app/.env && echo TELEGRAM_CHAT_ID=-4843141531 >> /var/www/payment-app/.env && echo SESSION_SECRET=5f7a9e3d2b8c1f6a4e9d7b2c5f8a1e6d9c3f7a0e5b9d2f8c1a4e7b0d3f6a9 >> /var/www/payment-app/.env && echo NODE_ENV=production >> /var/www/payment-app/.env && echo PORT=5000 >> /var/www/payment-app/.env"
root@185.255.112.198's password:

C:\Users\amine\Desktop\App-1>ssh root@185.255.112.198 "cd /var/www/payment-app && npm install && npm run build"
root@185.255.112.198's password:
npm warn deprecated @esbuild-kit/esm-loader@2.6.5: Merged into tsx: https://tsx.is
npm warn deprecated @esbuild-kit/core-utils@3.3.2: Merged into tsx: https://tsx.is

added 482 packages, and audited 483 packages in 12s

64 packages are looking for funding
  run `npm fund` for details

9 vulnerabilities (3 low, 5 moderate, 1 high)

To address issues that do not require attention, run:
  npm audit fix

To address all issues (including breaking changes), run:
  npm audit fix --force

Run `npm audit` for details.

> rest-express@1.0.0 build
> vite build && esbuild server/index.ts --platform=node --packages=external --bundle --format=esm --outdir=dist

vite v5.4.20 building for production...
transforming...

A PostCSS plugin did not pass the `from` option to `postcss.parse`. This may cause imported assets to be incorrectly transformed. If you've recently added a PostCSS plugin that raised this warning, please contact the package author to fix the issue.
✓ 1745 modules transformed.
rendering chunks...
computing gzip size...
../dist/public/index.html                                           2.01 kB │ gzip:   0.77 kB
../dist/public/assets/PayPal_official_logo_d33d02f7-DWRRreiY.png  249.29 kB
../dist/public/assets/SSL_security_badge_5a63cf55-BCwhzatn.png    424.03 kB
../dist/public/assets/index-C-GXd50e.css                           81.97 kB │ gzip:  13.12 kB
../dist/public/assets/index-DKpjFs6X.js                           443.58 kB │ gzip: 132.10 kB
✓ built in 8.31s

  dist/index.js  80.0kb

⚡ Done in 11ms

C:\Users\amine\Desktop\App-1>ssh root@185.255.112.198 "echo server { listen 80; server_name _; location / { proxy_pass http://127.0.0.1:5000; proxy_http_version 1.1; proxy_set_header Upgrade $http_upgrade; proxy_set_header Connection upgrade; proxy_set_header Host $host; proxy_set_header X-Real-IP $remote_addr; proxy_set_header X-Forwarded-For $proxy_add_x_forwarded_for; } } > /etc/nginx/sites-available/default && nginx -t && systemctl restart nginx"
root@185.255.112.198's password:
bash: -c: line 0: syntax error near unexpected token `}'
bash: -c: line 0: `echo server { listen 80; server_name _; location / { proxy_pass http://127.0.0.1:5000; proxy_http_version 1.1; proxy_set_header Upgrade $http_upgrade; proxy_set_header Connection upgrade; proxy_set_header Host $host; proxy_set_header X-Real-IP $remote_addr; proxy_set_header X-Forwarded-For $proxy_add_x_forwarded_for; } } > /etc/nginx/sites-available/default && nginx -t && systemctl restart nginx'

C:\Users\amine\Desktop\App-1>ssh root@185.255.112.198 "pm2 status"
root@185.255.112.198's password:
┌────┬───────────┬─────────────┬─────────┬─────────┬──────────┬────────┬──────┬───────────┬──────────┬──────────┬──────────┬──────────┐
│ id │ name      │ namespace   │ version │ mode    │ pid      │ uptime │ ↺    │ status    │ cpu      │ mem      │ user     │ watching │
└────┴───────────┴─────────────┴─────────┴─────────┴──────────┴────────┴──────┴───────────┴──────────┴──────────┴──────────┴──────────┘

C:\Users\amine\Desktop\App-1>ssh root@185.255.112.198 "pm2 logs payment-app --lines 20 --nostream"
root@185.255.112.198's password:
[TAILING] Tailing last 20 lines for [payment-app] process (change the value with --lines option)

C:\Users\amine\Desktop\App-1>ssh root@185.255.112.198 "cd /var/www/payment-app && npm install && npm run build && pm2 delete all 2>/dev/null; pm2 start npm --name payment-app -- start && pm2 save && pm2 status"
root@185.255.112.198's password:

up to date, audited 483 packages in 3s

64 packages are looking for funding
  run `npm fund` for details

9 vulnerabilities (3 low, 5 moderate, 1 high)

To address issues that do not require attention, run:
  npm audit fix

To address all issues (including breaking changes), run:
  npm audit fix --force

Run `npm audit` for details.

> rest-express@1.0.0 build
> vite build && esbuild server/index.ts --platform=node --packages=external --bundle --format=esm --outdir=dist

vite v5.4.20 building for production...
transforming...

A PostCSS plugin did not pass the `from` option to `postcss.parse`. This may cause imported assets to be incorrectly transformed. If you've recently added a PostCSS plugin that raised this warning, please contact the package author to fix the issue.
✓ 1745 modules transformed.
rendering chunks...
computing gzip size...
../dist/public/index.html                                           2.01 kB │ gzip:   0.77 kB
../dist/public/assets/PayPal_official_logo_d33d02f7-DWRRreiY.png  249.29 kB
../dist/public/assets/SSL_security_badge_5a63cf55-BCwhzatn.png    424.03 kB
../dist/public/assets/index-C-GXd50e.css                           81.97 kB │ gzip:  13.12 kB
../dist/public/assets/index-DKpjFs6X.js                           443.58 kB │ gzip: 132.10 kB
✓ built in 8.91s

  dist/index.js  80.0kb

⚡ Done in 17ms
[PM2] Starting /usr/bin/npm in fork_mode (1 instance)
[PM2] Done.
┌────┬────────────────┬─────────────┬─────────┬─────────┬──────────┬────────┬──────┬───────────┬──────────┬──────────┬──────────┬──────────┐
│ id │ name           │ namespace   │ version │ mode    │ pid      │ uptime │ ↺    │ status    │ cpu      │ mem      │ user     │ watching │
├────┼────────────────┼─────────────┼─────────┼─────────┼──────────┼────────┼──────┼───────────┼──────────┼──────────┼──────────┼──────────┤
│ 0  │ payment-app    │ default     │ N/A     │ fork    │ 46141    │ 0s     │ 0    │ online    │ 0%       │ 16.4mb   │ root     │ disabled │
└────┴────────────────┴─────────────┴─────────┴─────────┴──────────┴────────┴──────┴───────────┴──────────┴──────────┴──────────┴──────────┘
[PM2] Saving current process list...
[PM2] Successfully saved in /root/.pm2/dump.pm2
┌────┬────────────────┬─────────────┬─────────┬─────────┬──────────┬────────┬──────┬───────────┬──────────┬──────────┬──────────┬──────────┐
│ id │ name           │ namespace   │ version │ mode    │ pid      │ uptime │ ↺    │ status    │ cpu      │ mem      │ user     │ watching │
├────┼────────────────┼─────────────┼─────────┼─────────┼──────────┼────────┼──────┼───────────┼──────────┼──────────┼──────────┼──────────┤
│ 0  │ payment-app    │ default     │ N/A     │ fork    │ 46141    │ 0s     │ 0    │ online    │ 0%       │ 60.0mb   │ root     │ disabled │
└────┴────────────────┴─────────────┴─────────┴─────────┴──────────┴────────┴──────┴───────────┴──────────┴──────────┴──────────┴──────────┘

C:\Users\amine\Desktop\App-1>ssh root@185.255.112.198 "cat > /etc/nginx/sites-available/default << 'ENDCONF'
root@185.255.112.198's password:
bash: warning: here-document at line 0 delimited by end-of-file (wanted `ENDCONF')

C:\Users\amine\Desktop\App-1>ssh root@185.255.112.198 "printf 'server {\n    listen 80;\n    server_name _;\n    location / {\n        proxy_pass http://127.0.0.1:5000;\n        proxy_http_version 1.1;\n        proxy_set_header Upgrade $http_upgrade;\n        proxy_set_header Connection upgrade;\n        proxy_set_header Host $host;\n        proxy_set_header X-Real-IP $remote_addr;\n        proxy_set_header X-Forwarded-For $proxy_add_x_forwarded_for;\n    }\n}\n' > /etc/nginx/sites-available/default && nginx -t && systemctl restart nginx && echo '✅ Nginx configured'"
root@185.255.112.198's password:
✅ Nginx configured
nginx: the configuration file /etc/nginx/nginx.conf syntax is ok
nginx: configuration file /etc/nginx/nginx.conf test is successful

C:\Users\amine\Desktop\App-1>ssh root@185.255.112.198 "curl -s http://127.0.0.1:5000 | head -5 && echo '✅ App responding'"
root@185.255.112.198's password:
<!DOCTYPE html>
<html lang="en">
  <head>
    <meta charset="UTF-8" />
    <meta name="viewport" content="width=device-width, initial-scale=1.0, maximum-scale=1" />
✅ App responding

C:\Users\amine\Desktop\App-1>ssh root@185.255.112.198 "pm2 status"
root@185.255.112.198's password:
┌────┬────────────────┬─────────────┬─────────┬─────────┬──────────┬────────┬──────┬───────────┬──────────┬──────────┬──────────┬──────────┐
│ id │ name           │ namespace   │ version │ mode    │ pid      │ uptime │ ↺    │ status    │ cpu      │ mem      │ user     │ watching │
├────┼────────────────┼─────────────┼─────────┼─────────┼──────────┼────────┼──────┼───────────┼──────────┼──────────┼──────────┼──────────┤
│ 0  │ payment-app    │ default     │ N/A     │ fork    │ 46141    │ 6m     │ 0    │ online    │ 0%       │ 56.4mb   │ root     │ disabled │
└────┴────────────────┴─────────────┴─────────┴─────────┴──────────┴────────┴──────┴───────────┴──────────┴──────────┴──────────┴──────────┘

C:\Users\amine\Desktop\App-1>ssh root@185.255.112.198
root@185.255.112.198's password:
Welcome to Ubuntu 20.04.6 LTS (GNU/Linux 5.4.0-107-generic x86_64)

 * Documentation:  https://help.ubuntu.com
 * Management:     https://landscape.canonical.com
 * Support:        https://ubuntu.com/pro

 System information as of Sun Nov 23 19:39:39 CET 2025

  System load:  0.0                Processes:             151
  Usage of /:   10.5% of 28.90GB   Users logged in:       0
  Memory usage: 14%                IPv4 address for eth0: 185.255.112.198
  Swap usage:   0%                 IPv6 address for eth1: 2a14:1d00:0:1::f4f


Expanded Security Maintenance for Infrastructure is not enabled.

0 updates can be applied immediately.

55 additional security updates can be applied with ESM Infra.
Learn more about enabling ESM Infra service for Ubuntu 20.04 at
https://ubuntu.com/20-04

New release '22.04.5 LTS' available.
Run 'do-release-upgrade' to upgrade to it.


*** System restart required ***
Last login: Sun Nov 23 17:19:21 2025 from 93.34.29.196
root@Amine:~# pm2 logs payment-app --lines 100 --nostream
[TAILING] Tailing last 100 lines for [payment-app] process (change the value with --lines option)
/root/.pm2/logs/payment-app-error.log last 100 lines:
0|payment- | npm error enoent Could not read package.json: Error: ENOENT: no such file or directory, open '/var/www/payment-app/package.json'
0|payment- | npm error enoent This is related to npm not being able to find a file.
0|payment- | npm error enoent
0|payment- | npm error A complete log of this run can be found in: /root/.npm/_logs/2025-11-23T17_06_46_705Z-debug-0.log
0|payment- | npm error code ENOENT
0|payment- | npm error syscall open
0|payment- | npm error path /var/www/payment-app/package.json
0|payment- | npm error errno -2
0|payment- | npm error enoent Could not read package.json: Error: ENOENT: no such file or directory, open '/var/www/payment-app/package.json'
0|payment- | npm error enoent This is related to npm not being able to find a file.
0|payment- | npm error enoent
0|payment- | npm error A complete log of this run can be found in: /root/.npm/_logs/2025-11-23T17_06_46_971Z-debug-0.log
0|payment- | npm error code ENOENT
0|payment- | npm error syscall open
0|payment- | npm error path /var/www/payment-app/package.json
0|payment- | npm error errno -2
0|payment- | npm error enoent Could not read package.json: Error: ENOENT: no such file or directory, open '/var/www/payment-app/package.json'
0|payment- | npm error enoent This is related to npm not being able to find a file.
0|payment- | npm error enoent
0|payment- | npm error A complete log of this run can be found in: /root/.npm/_logs/2025-11-23T17_06_47_235Z-debug-0.log
0|payment- | npm error code ENOENT
0|payment- | npm error syscall open
0|payment- | npm error path /var/www/payment-app/package.json
0|payment- | npm error errno -2
0|payment- | npm error enoent Could not read package.json: Error: ENOENT: no such file or directory, open '/var/www/payment-app/package.json'
0|payment- | npm error enoent This is related to npm not being able to find a file.
0|payment- | npm error enoent
0|payment- | npm error A complete log of this run can be found in: /root/.npm/_logs/2025-11-23T17_06_47_493Z-debug-0.log
0|payment- | npm error code ENOENT
0|payment- | npm error syscall open
0|payment- | npm error path /var/www/payment-app/package.json
0|payment- | npm error errno -2
0|payment- | npm error enoent Could not read package.json: Error: ENOENT: no such file or directory, open '/var/www/payment-app/package.json'
0|payment- | npm error enoent This is related to npm not being able to find a file.
0|payment- | npm error enoent
0|payment- | npm error A complete log of this run can be found in: /root/.npm/_logs/2025-11-23T17_06_47_775Z-debug-0.log
0|payment- | npm error code ENOENT
0|payment- | npm error syscall open
0|payment- | npm error path /var/www/payment-app/package.json
0|payment- | npm error errno -2
0|payment- | npm error enoent Could not read package.json: Error: ENOENT: no such file or directory, open '/var/www/payment-app/package.json'
0|payment- | npm error enoent This is related to npm not being able to find a file.
0|payment- | npm error enoent
0|payment- | npm error A complete log of this run can be found in: /root/.npm/_logs/2025-11-23T17_06_48_135Z-debug-0.log
0|payment- | npm error code ENOENT
0|payment- | npm error syscall open
0|payment- | npm error path /var/www/payment-app/package.json
0|payment- | npm error errno -2
0|payment- | npm error enoent Could not read package.json: Error: ENOENT: no such file or directory, open '/var/www/payment-app/package.json'
0|payment- | npm error enoent This is related to npm not being able to find a file.
0|payment- | npm error enoent
0|payment- | npm error A complete log of this run can be found in: /root/.npm/_logs/2025-11-23T17_06_48_430Z-debug-0.log
0|payment- | npm error code ENOENT
0|payment- | npm error syscall open
0|payment- | npm error path /var/www/payment-app/package.json
0|payment- | npm error errno -2
0|payment- | npm error enoent Could not read package.json: Error: ENOENT: no such file or directory, open '/var/www/payment-app/package.json'
0|payment- | npm error enoent This is related to npm not being able to find a file.
0|payment- | npm error enoent
0|payment- | npm error A complete log of this run can be found in: /root/.npm/_logs/2025-11-23T17_06_48_726Z-debug-0.log
0|payment- | npm error code ENOENT
0|payment- | npm error syscall open
0|payment- | npm error path /var/www/payment-app/package.json
0|payment- | npm error errno -2
0|payment- | npm error enoent Could not read package.json: Error: ENOENT: no such file or directory, open '/var/www/payment-app/package.json'
0|payment- | npm error enoent This is related to npm not being able to find a file.
0|payment- | npm error enoent
0|payment- | npm error A complete log of this run can be found in: /root/.npm/_logs/2025-11-23T17_06_49_035Z-debug-0.log
0|payment- | npm error code ENOENT
0|payment- | npm error syscall open
0|payment- | npm error path /var/www/payment-app/package.json
0|payment- | npm error errno -2
0|payment- | npm error enoent Could not read package.json: Error: ENOENT: no such file or directory, open '/var/www/payment-app/package.json'
0|payment- | npm error enoent This is related to npm not being able to find a file.
0|payment- | npm error enoent
0|payment- | npm error A complete log of this run can be found in: /root/.npm/_logs/2025-11-23T17_06_49_353Z-debug-0.log
0|payment- | npm error code ENOENT
0|payment- | npm error syscall open
0|payment- | npm error path /var/www/payment-app/package.json
0|payment- | npm error errno -2
0|payment- | npm error enoent Could not read package.json: Error: ENOENT: no such file or directory, open '/var/www/payment-app/package.json'
0|payment- | npm error enoent This is related to npm not being able to find a file.
0|payment- | npm error enoent
0|payment- | npm error A complete log of this run can be found in: /root/.npm/_logs/2025-11-23T17_06_49_639Z-debug-0.log
0|payment- | npm error code ENOENT
0|payment- | npm error syscall open
0|payment- | npm error path /var/www/payment-app/package.json
0|payment- | npm error errno -2
0|payment- | npm error enoent Could not read package.json: Error: ENOENT: no such file or directory, open '/var/www/payment-app/package.json'
0|payment- | npm error enoent This is related to npm not being able to find a file.
0|payment- | npm error enoent
0|payment- | npm error A complete log of this run can be found in: /root/.npm/_logs/2025-11-23T17_06_49_928Z-debug-0.log
0|payment- | npm error code ENOENT
0|payment- | npm error syscall open
0|payment- | npm error path /var/www/payment-app/package.json
0|payment- | npm error errno -2
0|payment- | npm error enoent Could not read package.json: Error: ENOENT: no such file or directory, open '/var/www/payment-app/package.json'
0|payment- | npm error enoent This is related to npm not being able to find a file.
0|payment- | npm error enoent
0|payment- | npm error A complete log of this run can be found in: /root/.npm/_logs/2025-11-23T17_06_50_212Z-debug-0.log

/root/.pm2/logs/payment-app-out.log last 100 lines:
0|payment- |
0|payment- | > rest-express@1.0.0 start
0|payment- | > NODE_ENV=production node dist/index.js
0|payment- |
0|payment- | 6:45:04 PM [express] Starting server initialization...
0|payment- | 6:45:04 PM [express] Routes registered successfully
0|payment- | 6:45:04 PM [express] Setting up static file serving in production mode...
0|payment- | 6:45:04 PM [express] Static files configured successfully
0|payment- | 6:45:04 PM [express] serving on port 5000
0|payment- | 6:45:04 PM [express] Environment: production
0|payment- | 6:45:06 PM [express] Telegram bot initialization attempted
0|payment- | Telegram bot not configured - skipping bot initialization
0|payment- | 6:48:31 PM [express] GET /api/health 200 in 8ms
0|payment- |
0|payment- | > rest-express@1.0.0 start
0|payment- | > NODE_ENV=production node dist/index.js
0|payment- |
0|payment- | 7:07:34 PM [express] Starting server initialization...
0|payment- | 7:07:34 PM [express] Routes registered successfully
0|payment- | 7:07:34 PM [express] Setting up static file serving in production mode...
0|payment- | 7:07:34 PM [express] Static files configured successfully
0|payment- | 7:07:34 PM [express] serving on port 5000
0|payment- | 7:07:34 PM [express] Environment: production
0|payment- | 7:07:36 PM [express] Telegram bot initialization attempted
0|payment- | Telegram bot not configured - skipping bot initialization
0|payment- | 7:08:43 PM [express] POST /api/health 200 in 2ms
0|payment- | 7:10:22 PM [express] GET /api/visitor/tracking 200 in 2ms
0|payment- |
0|payment- | > rest-express@1.0.0 start
0|payment- | > NODE_ENV=production node dist/index.js
0|payment- |
0|payment- | 7:11:41 PM [express] Starting server initialization...
0|payment- | 7:11:41 PM [express] Routes registered successfully
0|payment- | 7:11:41 PM [express] Setting up static file serving in production mode...
0|payment- | 7:11:41 PM [express] Static files configured successfully
0|payment- | 7:11:41 PM [express] serving on port 5000
0|payment- | 7:11:41 PM [express] Environment: production
0|payment- | 7:11:43 PM [express] Telegram bot initialization attempted
0|payment- | Telegram bot not configured - skipping bot initialization
0|payment- | 7:12:12 PM [express] GET /api/admin/visitors 200 in 7ms :: []
0|payment- |
0|payment- | > rest-express@1.0.0 start
0|payment- | > NODE_ENV=production node dist/index.js
0|payment- |
0|payment- | 7:31:34 PM [express] Starting server initialization...
0|payment- | 7:31:34 PM [express] Routes registered successfully
0|payment- | 7:31:34 PM [express] Setting up static file serving in production mode...
0|payment- | 7:31:34 PM [express] Static files configured successfully
0|payment- | 7:31:34 PM [express] serving on port 5000
0|payment- | 7:31:34 PM [express] Environment: production
0|payment- | 7:31:36 PM [express] Telegram bot initialization attempted
0|payment- | Telegram bot not configured - skipping bot initialization
0|payment- | 7:36:06 PM [express] GET /api/admin/visitors 200 in 5ms :: []

root@Amine:~# pm2 monit
root@Amine:~# ls -la /var/www/payment-app/
total 516
drwx------  10 root root   4096 Nov 23 19:31 .
drwxr-xr-x   5 root root   4096 Nov 23 19:21 ..
-rw-r--r--   1 root root    335 Nov 23 19:23 .env
drwx------   2 root root   4096 Nov 23 19:21 App
-rw-r--r--   1 root root   5532 Nov 23 19:21 BANK_DETECTION_GUIDE.md
-rw-r--r--   1 root root   2438 Nov 23 19:21 DEPLOY.md
-rw-r--r--   1 root root   8550 Nov 23 19:21 DEPLOYMENT.md
-rw-r--r--   1 root root   5787 Nov 23 19:21 DEPLOYMENT_CELIO.md
-rw-r--r--   1 root root   1733 Nov 23 19:21 DEPLOYMENT_FILES.txt
-rw-r--r--   1 root root   7005 Nov 23 19:21 DHL_FLOW_GUIDE.md
-rw-r--r--   1 root root   2962 Nov 23 19:21 QUICK_START.md
-rw-r--r--   1 root root      5 Nov 23 19:21 README.md
-rw-r--r--   1 root root   4104 Nov 23 19:21 SETUP_GUIDE.md
-rw-r--r--   1 root root   5421 Nov 23 19:21 TELEGRAM_BUTTON_GUIDE.md
-rw-r--r--   1 root root   4822 Nov 23 19:21 TELEGRAM_REMOTE_CONTROL.md
-rw-r--r--   1 root root   1254 Nov 23 19:21 UPLOAD_INSTRUCTIONS.txt
-rw-r--r--   1 root root    847 Nov 23 19:21 UPLOAD_TO_VPS.sh
-rw-r--r--   1 root root   2215 Nov 23 19:21 app-deploy.sh
drwx------   3 root root  12288 Nov 23 19:21 attached_assets
drwx------   4 root root   4096 Nov 23 19:21 client
-rw-r--r--   1 root root    459 Nov 23 19:22 components.json
-rw-r--r--   1 root root   1313 Nov 23 19:22 deploy.sh
drwx------   2 root root   4096 Nov 23 19:22 deployment-package
-rw-r--r--   1 root root   5624 Nov 23 19:22 design_guidelines.md
drwx------   3 root root   4096 Nov 23 19:22 dist
-rw-r--r--   1 root root    325 Nov 23 19:22 drizzle.config.ts
-rw-r--r--   1 root root    396 Nov 23 19:22 ecosystem.config.cjs
-rw-r--r--   1 root root   3130 Nov 23 19:22 nginx-config.conf
-rw-r--r--   1 root root   1543 Nov 23 19:22 nginx.conf.example
drwxr-xr-x 319 root root  12288 Nov 23 19:31 node_modules
-rw-r--r--   1 root root 296226 Nov 23 19:31 package-lock.json
-rw-r--r--   1 root root   3651 Nov 23 19:22 package.json
-rw-r--r--   1 root root     80 Nov 23 19:22 postcss.config.js
-rw-r--r--   1 root root  13581 Nov 23 19:22 replit.md
drwx------   2 root root   4096 Nov 23 19:22 server
drwx------   2 root root   4096 Nov 23 19:22 shared
-rw-r--r--   1 root root   4050 Nov 23 19:22 tailwind.config.ts
-rw-r--r--   1 root root    657 Nov 23 19:22 tsconfig.json
-rw-r--r--   1 root root   1485 Nov 23 19:22 upload-now.sh
-rw-r--r--   1 root root   1080 Nov 23 19:22 vite.config.ts
-rw-r--r--   1 root root   2135 Nov 23 19:22 vps-install.sh
root@Amine:~# cat /var/www/payment-app/.env
DATABASE_URL=postgresql://neondb_owner:npg_Wm9VIU0gvenO@ep-delicate-cake-af0hyp2v.c-2.us-west-2.aws.neon.tech/neondb?sslmode=require
TELEGRAM_BOT_TOKEN=8332648469:AAG0nSTVcu5DuLsvXEGa0cr5MV_Ae7BB4_g
TELEGRAM_CHAT_ID=-4843141531
SESSION_SECRET=5f7a9e3d2b8c1f6a4e9d7b2c5f8a1e6d9c3f7a0e5b9d2f8c1a4e7b0d3f6a9
NODE_ENV=production
PORT=5000
root@Amine:~# pm2 restart payment-app
Use --update-env to update environment variables
[PM2] Applying action restartProcessId on app [payment-app](ids: [ 0 ])
[PM2] [payment-app](0) ✓
┌────┬────────────────────┬──────────┬──────┬───────────┬──────────┬──────────┐
│ id │ name               │ mode     │ ↺    │ status    │ cpu      │ memory   │
├────┼────────────────────┼──────────┼──────┼───────────┼──────────┼──────────┤
│ 0  │ payment-app        │ fork     │ 1    │ online    │ 0%       │ 13.4mb   │
└────┴────────────────────┴──────────┴──────┴───────────┴──────────┴──────────┘
root@Amine:~# sudo ln -s /etc/nginx/sites-available/dhl-payment-app /etc/nginx/sites-enabled/
root@Amine:~# # Supprimer config par défaut
root@Amine:~# sudo rm /etc/nginx/sites-enabled/default
root@Amine:~# sudo nginx -t
nginx: [emerg] open() "/etc/nginx/sites-enabled/dhl-payment-app" failed (2: No such file or directory) in /etc/nginx/nginx.conf:62
nginx: configuration file /etc/nginx/nginx.conf test failed
root@Amine:~# # Redémarrer Nginx
root@Amine:~# sudo systemctl restart nginx
Job for nginx.service failed because the control process exited with error code.
See "systemctl status nginx.service" and "journalctl -xe" for details.
root@Amine:~# sudo apt update && sudo apt upgrade -y
Hit:1 http://security.ubuntu.com/ubuntu focal-security InRelease
Hit:2 https://deb.nodesource.com/node_20.x nodistro InRelease
Hit:3 http://archive.ubuntu.com/ubuntu focal InRelease
Get:4 http://archive.ubuntu.com/ubuntu focal-updates InRelease [128 kB]
Hit:6 http://archive.ubuntu.com/ubuntu focal-backports InRelease
Hit:5 https://packagecloud.io/ookla/speedtest-cli/ubuntu focal InRelease
Fetched 128 kB in 1s (96.8 kB/s)
Reading package lists... Done
Building dependency tree
Reading state information... Done
All packages are up to date.
Reading package lists... Done
Building dependency tree
Reading state information... Done
Calculating upgrade... Done
The following security updates require Ubuntu Pro with 'esm-infra' enabled:
  libopenjp2-7 bind9-dnsutils cloud-init libcups2 linux-headers-generic
  openssl libblockdev-swap2 libssh-4 libpython3.8-minimal git-man libsystemd0
  gcc-10-base libgs9 libsqlite3-0 python3-urllib3 bind9-host sudo libpython3.8
  python3.8 open-vm-tools git libblockdev-crypto2 udev libblockdev-loop2
  libblockdev-fs2 libblockdev-part2 python3-requests libudev1 libsoup2.4-1
  systemd-timesyncd libtiff5 udisks2 linux-virtual python3.8-minimal
  systemd-sysv libblockdev2 libpam-systemd ghostscript systemd libgomp1
  libblockdev-utils2 libnss-systemd libgs9-common linux-headers-virtual
  libblockdev-part-err2 libgcc-s1 libxml2 libpython3.8-stdlib libgnutls30
  libudisks2-0 linux-image-virtual libssl1.1 libstdc++6 bind9-libs libxslt1.1
Learn more about Ubuntu Pro at https://ubuntu.com/pro
0 upgraded, 0 newly installed, 0 to remove and 0 not upgraded.
root@Amine:~# # Installation Node.js 20
root@Amine:~# curl -fsSL https://deb.nodesource.com/setup_20.x | sudo -E bash -
nodejs
# Installation PostgreSQL + Nginx + Git
sudo apt install -y postgresql postgresql-contrib nginx git
# Installation PM2
sudo npm install -g pm2
# Démarrage des services
sudo systemctl start postgresql nginx
sudo systemctl enable postgresql nginx

3️⃣ Configuration PostgreSQL
sudo -u postgres psql << EOF2025-11-23 19:47:09 - Installing pre-requisites
Hit:1 http://security.ubuntu.com/ubuntu focal-security InRelease
Hit:2 https://deb.nodesource.com/node_20.x nodistro InRelease
Hit:3 http://archive.ubuntu.com/ubuntu focal InRelease
Hit:4 http://archive.ubuntu.com/ubuntu focal-updates InRelease
Hit:5 http://archive.ubuntu.com/ubuntu focal-backports InRelease
Hit:6 https://packagecloud.io/ookla/speedtest-cli/ubuntu focal InRelease
Reading package lists... Done
Building dependency tree
Reading state information... Done
All packages are up to date.
Reading package lists... Done
Building dependency tree
Reading state information... Done
ca-certificates is already the newest version (20240203~20.04.1).
curl is already the newest version (7.68.0-1ubuntu2.25).
gnupg is already the newest version (2.2.19-3ubuntu2.5).
apt-transport-https is already the newest version (2.0.11).
0 upgraded, 0 newly installed, 0 to remove and 0 not upgraded.
Hit:1 https://deb.nodesource.com/node_20.x nodistro InRelease
Hit:2 http://archive.ubuntu.com/ubuntu focal InRelease
Hit:3 http://security.ubuntu.com/ubuntu focal-security InRelease
Hit:4 http://archive.ubuntu.com/ubuntu focal-updates InRelease
Hit:5 http://archive.ubuntu.com/ubuntu focal-backports InRelease
Hit:6 https://packagecloud.io/ookla/speedtest-cli/ubuntu focal InRelease
Reading package lists... Done
Building dependency tree
Reading state information... Done
All packages are up to date.
2025-11-23 19:47:18 - Repository configured successfully.
2025-11-23 19:47:18 - To install Node.js, run: apt install nodejs -y
2025-11-23 19:47:18 - You can use N|solid Runtime as a node.js alternative
2025-11-23 19:47:18 - To install N|solid Runtime, run: apt install nsolid -y

root@Amine:~# sudo apt install -y nodejs
Reading package lists... Done
Building dependency tree
Reading state information... Done
nodejs is already the newest version (20.19.5-1nodesource1).
0 upgraded, 0 newly installed, 0 to remove and 0 not upgraded.
root@Amine:~# # Installation PostgreSQL + Nginx + Git
root@Amine:~# sudo apt install -y postgresql postgresql-contrib nginx git
Reading package lists... Done
Building dependency tree
Reading state information... Done
git is already the newest version (1:2.25.1-1ubuntu3.14).
git set to manually installed.
nginx is already the newest version (1.18.0-0ubuntu1.7).
The following additional packages will be installed:
  libllvm10 libpq5 libsensors-config libsensors5 postgresql-12 postgresql-client-12 postgresql-client-common
  postgresql-common ssl-cert sysstat
Suggested packages:
  lm-sensors postgresql-doc postgresql-doc-12 libjson-perl openssl-blacklist isag
The following NEW packages will be installed:
  libllvm10 libpq5 libsensors-config libsensors5 postgresql postgresql-12 postgresql-client-12
  postgresql-client-common postgresql-common postgresql-contrib ssl-cert sysstat
0 upgraded, 12 newly installed, 0 to remove and 0 not upgraded.
Need to get 30.8 MB of archives.
After this operation, 122 MB of additional disk space will be used.
Get:1 http://archive.ubuntu.com/ubuntu focal/main amd64 libllvm10 amd64 1:10.0.0-4ubuntu1 [15.3 MB]
Get:2 http://archive.ubuntu.com/ubuntu focal-updates/main amd64 libpq5 amd64 12.22-0ubuntu0.20.04.4 [119 kB]
Get:3 http://archive.ubuntu.com/ubuntu focal-updates/main amd64 libsensors-config all 1:3.6.0-2ubuntu1.1 [6052 B]
Get:4 http://archive.ubuntu.com/ubuntu focal-updates/main amd64 libsensors5 amd64 1:3.6.0-2ubuntu1.1 [27.2 kB]
Get:5 http://archive.ubuntu.com/ubuntu focal-updates/main amd64 postgresql-client-common all 214ubuntu0.1 [28.2 kB]
Get:6 http://archive.ubuntu.com/ubuntu focal-updates/main amd64 postgresql-client-12 amd64 12.22-0ubuntu0.20.04.4 [1073 kB]
Get:7 http://archive.ubuntu.com/ubuntu focal/main amd64 ssl-cert all 1.0.39 [17.0 kB]
Get:8 http://archive.ubuntu.com/ubuntu focal-updates/main amd64 postgresql-common all 214ubuntu0.1 [169 kB]
Get:9 http://archive.ubuntu.com/ubuntu focal-updates/main amd64 postgresql-12 amd64 12.22-0ubuntu0.20.04.4 [13.6 MB]
Get:10 http://archive.ubuntu.com/ubuntu focal-updates/main amd64 postgresql all 12+214ubuntu0.1 [3924 B]
Get:11 http://archive.ubuntu.com/ubuntu focal-updates/main amd64 postgresql-contrib all 12+214ubuntu0.1 [3932 B]
Get:12 http://archive.ubuntu.com/ubuntu focal-updates/main amd64 sysstat amd64 12.2.0-2ubuntu0.3 [448 kB]
Fetched 30.8 MB in 0s (68.4 MB/s)
Preconfiguring packages ...
Selecting previously unselected package libllvm10:amd64.
(Reading database ... 102553 files and directories currently installed.)
Preparing to unpack .../00-libllvm10_1%3a10.0.0-4ubuntu1_amd64.deb ...
Unpacking libllvm10:amd64 (1:10.0.0-4ubuntu1) ...
Selecting previously unselected package libpq5:amd64.
Preparing to unpack .../01-libpq5_12.22-0ubuntu0.20.04.4_amd64.deb ...
Unpacking libpq5:amd64 (12.22-0ubuntu0.20.04.4) ...
Selecting previously unselected package libsensors-config.
Preparing to unpack .../02-libsensors-config_1%3a3.6.0-2ubuntu1.1_all.deb ...
Unpacking libsensors-config (1:3.6.0-2ubuntu1.1) ...
Selecting previously unselected package libsensors5:amd64.
Preparing to unpack .../03-libsensors5_1%3a3.6.0-2ubuntu1.1_amd64.deb ...
Unpacking libsensors5:amd64 (1:3.6.0-2ubuntu1.1) ...
Selecting previously unselected package postgresql-client-common.
Preparing to unpack .../04-postgresql-client-common_214ubuntu0.1_all.deb ...
Unpacking postgresql-client-common (214ubuntu0.1) ...
Selecting previously unselected package postgresql-client-12.
Preparing to unpack .../05-postgresql-client-12_12.22-0ubuntu0.20.04.4_amd64.deb ...
Unpacking postgresql-client-12 (12.22-0ubuntu0.20.04.4) ...
Selecting previously unselected package ssl-cert.
Preparing to unpack .../06-ssl-cert_1.0.39_all.deb ...
Unpacking ssl-cert (1.0.39) ...
Selecting previously unselected package postgresql-common.
Preparing to unpack .../07-postgresql-common_214ubuntu0.1_all.deb ...
Adding 'diversion of /usr/bin/pg_config to /usr/bin/pg_config.libpq-dev by postgresql-common'
Unpacking postgresql-common (214ubuntu0.1) ...
Selecting previously unselected package postgresql-12.
Preparing to unpack .../08-postgresql-12_12.22-0ubuntu0.20.04.4_amd64.deb ...
Unpacking postgresql-12 (12.22-0ubuntu0.20.04.4) ...
Selecting previously unselected package postgresql.
Preparing to unpack .../09-postgresql_12+214ubuntu0.1_all.deb ...
Unpacking postgresql (12+214ubuntu0.1) ...
Selecting previously unselected package postgresql-contrib.
Preparing to unpack .../10-postgresql-contrib_12+214ubuntu0.1_all.deb ...
Unpacking postgresql-contrib (12+214ubuntu0.1) ...
Selecting previously unselected package sysstat.
Preparing to unpack .../11-sysstat_12.2.0-2ubuntu0.3_amd64.deb ...
Unpacking sysstat (12.2.0-2ubuntu0.3) ...
Setting up postgresql-client-common (214ubuntu0.1) ...
Setting up libsensors-config (1:3.6.0-2ubuntu1.1) ...
Setting up libpq5:amd64 (12.22-0ubuntu0.20.04.4) ...
Setting up libllvm10:amd64 (1:10.0.0-4ubuntu1) ...
Setting up postgresql-client-12 (12.22-0ubuntu0.20.04.4) ...
update-alternatives: using /usr/share/postgresql/12/man/man1/psql.1.gz to provide /usr/share/man/man1/psql.1.gz (psql.1.gz) in auto mode
Setting up ssl-cert (1.0.39) ...
Setting up postgresql-common (214ubuntu0.1) ...
Adding user postgres to group ssl-cert

Creating config file /etc/postgresql-common/createcluster.conf with new version
Building PostgreSQL dictionaries from installed myspell/hunspell packages...
Removing obsolete dictionary files:
Created symlink /etc/systemd/system/multi-user.target.wants/postgresql.service → /lib/systemd/system/postgresql.service.
Setting up libsensors5:amd64 (1:3.6.0-2ubuntu1.1) ...
Setting up postgresql-12 (12.22-0ubuntu0.20.04.4) ...
Creating new PostgreSQL cluster 12/main ...
/usr/lib/postgresql/12/bin/initdb -D /var/lib/postgresql/12/main --auth-local peer --auth-host md5
The files belonging to this database system will be owned by user "postgres".
This user must also own the server process.

The database cluster will be initialized with locale "C.UTF-8".
The default database encoding has accordingly been set to "UTF8".
The default text search configuration will be set to "english".

Data page checksums are disabled.

fixing permissions on existing directory /var/lib/postgresql/12/main ... ok
creating subdirectories ... ok
selecting dynamic shared memory implementation ... posix
selecting default max_connections ... 100
selecting default shared_buffers ... 128MB
selecting default time zone ... Europe/Berlin
creating configuration files ... ok
running bootstrap script ... ok
performing post-bootstrap initialization ... ok
syncing data to disk ... ok

Success. You can now start the database server using:

    pg_ctlcluster 12 main start

Ver Cluster Port Status Owner    Data directory              Log file
12  main    5432 down   postgres /var/lib/postgresql/12/main /var/log/postgresql/postgresql-12-main.log
update-alternatives: using /usr/share/postgresql/12/man/man1/postmaster.1.gz to provide /usr/share/man/man1/postmaster.1.gz (postmaster.1.gz) in auto mode
Setting up sysstat (12.2.0-2ubuntu0.3) ...

Creating config file /etc/default/sysstat with new version
update-alternatives: using /usr/bin/sar.sysstat to provide /usr/bin/sar (sar) in auto mode
Created symlink /etc/systemd/system/multi-user.target.wants/sysstat.service → /lib/systemd/system/sysstat.service.
Setting up postgresql-contrib (12+214ubuntu0.1) ...
Setting up postgresql (12+214ubuntu0.1) ...
Processing triggers for systemd (245.4-4ubuntu3.24) ...
Processing triggers for man-db (2.9.1-1) ...
Processing triggers for libc-bin (2.31-0ubuntu9.18) ...
root@Amine:~# sudo -u postgres psql << EOF
> CREATE DATABASE dhl_payment_db;
> CREATE USER dhl_user WITH ENCRYPTED PASSWORD 'VotreMotDePasse123!';
> GRANT ALL PRIVILEGES ON DATABASE dhl_payment_db TO dhl_user;
> ALTER DATABASE dhl_payment_db OWNER TO dhl_user;
> \q
> EOF
could not change directory to "/root": Permission denied
CREATE DATABASE
CREATE ROLE
GRANT
ALTER DATABASE
root@Amine:~# sudo mkdir -p /var/www/dhl-payment-app
root@Amine:~# sudo chown -R $USER:$USER /var/www/dhl-payment-app
root@Amine:~# cd /var/www/dhl-payment-app
root@Amine:/var/www/dhl-payment-app# # Lien symbolique
root@Amine:/var/www/dhl-payment-app# sudo ln -s /etc/nginx/sites-available/dhl-payment-app /etc/nginx/sites-enabled/
nfig par défaut
sudo rm /etc/nginx/sites-enabled/default
# Tester
sudo nginx -t
# Redémarrer Nginx
sudo systemctl restart nginx

🔟 Configuration Firewall
sudo ufw allow 22/tcp
sudo ufw allow ln: failed to create symbolic link '/etc/nginx/sites-enabled/dhl-payment-app': File exists
root@Amine:/var/www/dhl-payment-app# # Supprimer config par défaut
root@Amine:/var/www/dhl-payment-app# sudo rm /etc/nginx/sites-enabled/default
rm: cannot remove '/etc/nginx/sites-enabled/default': No such file or directory
root@Amine:/var/www/dhl-payment-app# # Tester
root@Amine:/var/www/dhl-payment-app# sudo nginx -t
nginx: [emerg] open() "/etc/nginx/sites-enabled/dhl-payment-app" failed (2: No such file or directory) in /etc/nginx/nginx.conf:62
nginx: configuration file /etc/nginx/nginx.conf test failed
80/tcp
sudo ufw allow 443/tcp
sudo ufw --force enableroot@Amine:/var/www/dhl-payment-app# # Redémarrer Nginx
root@Amine:/var/www/dhl-payment-app# sudo systemctl restart nginx
Job for nginx.service failed because the control process exited with error code.
See "systemctl status nginx.service" and "journalctl -xe" for details.
root@Amine:/var/www/dhl-payment-app#
root@Amine:/var/www/dhl-payment-app# 🔟 Configuration Firewall
🔟: command not found
root@Amine:/var/www/dhl-payment-app# sudo ufw allow 22/tcp
Rules updated
Rules updated (v6)
root@Amine:/var/www/dhl-payment-app# sudo ufw allow 80/tcp
Rules updated
Rules updated (v6)
root@Amine:/var/www/dhl-payment-app# sudo ufw allow 443/tcp
Rules updated
Rules updated (v6)
root@Amine:/var/www/dhl-payment-app# sudo ufw --force enable
Firewall is active and enabled on system startup
root@Amine:/var/www/dhl-payment-app# pm2 logs dhl-payment-app
[TAILING] Tailing last 15 lines for [dhl-payment-app] process (change the value with --lines option)

^C
root@Amine:/var/www/dhl-payment-app# pm2 restart dhl-payment-app
Use --update-env to update environment variables
[PM2][ERROR] Process or Namespace dhl-payment-app not found
root@Amine:/var/www/dhl-payment-app#